
[47m                                                                              [40m
[47m [0;1;44mÚÄÄÄÄÄÄÄÄÄÄÄÄÄÄÄÄÄÄÄÄÄÄÄÄÄÄÄÄÄÄÄÄÄÄÄÄÄÄÄÄÄÄÄÄÄÄÄÄÄÄÄÄÄÄÄÄÄÄÄÄÄÄÄÄÄÄÄÄÄÄÄÄÄ¿[47m  [40m
[47m [44m³  [36mEBBS-PC is freeware.  Donation's are always appreciated.               [37m³[30;47mÛ [40m
[47m [37;44mÃÄÄÄÄÄÄÄÄÄÄÄÄÄÄÄÄÄÄÄÄÄÄÄÄÄÄÄÄÄÄÄÄÄÄÄÄÄÄÄÄÄÄÄÄÄÄÄÄÄÄÄÄÄÄÄÄÄÄÄÄÄÄÄÄÄÄÄÄÄÄÄÄÄ´[30;47mÛ [40m
[47m [37;44m³ Donation's of $20.00 or more entitle the donator to unlimited           ³[30;47mÛ [40m
[47m [37;44m³ download priviledge's on my EBBS HQ system for life.                    ³[30;47mÛ [40m
[47m [37;44mÃÄÄÄÄÄÄÄÄÄÄÄÄÄÄÄÄÄÄÄÄÄÄÄÄÄÄÄÄÄÄÄÄÄÄÄÄÄÄÄÄÄÄÄÄÄÄÄÄÄÄÄÄÄÄÄÄÄÄÄÄÄÄÄÄÄÄÄÄÄÄÄÄÄ´[30;47mÛ [40m
[47m [37;44m³                          Contact Info:                                  ³[30;47mÛ [40m
[47m [37;44mÃÄÄÄÄÄÄÄÄÄÄÄÄÄÄÄÄÄÄÄÄÄÄÄÄÄÄÄÄÄÄÄÄÄÄÄÄÄÄÄÄÄÄÄÄÄÄÄÄÄÄÄÄÄÄÄÄÄÄÄÄÄÄÄÄÄÄÄÄÄÄÄÄÄ´[30;47mÛ [40m
[47m [37;44m³                       [33mEd Parry/EBBS-PC                                  [37m³[30;47mÛ [40m
[47m [37;44m³                       [33m8711 Langdon Ave. #8                              [37m³[30;47mÛ [40m
[47m [37;44m³                       [33mSepulveda, CA USA 91343                           [37m³[30;47mÛ [40m
[47m [37;44m³                       [33m818-891-9350: [37mEBBS HQ                             ³[30;47mÛ [40m
[47m [37;44mÀÄÄÄÄÄÄÄÄÄÄÄÄÄÄÄÄÄÄÄÄÄÄÄÄÄÄÄÄÄÄÄÄÄÄÄÄÄÄÄÄÄÄÄÄÄÄÄÄÄÄÄÄÄÄÄÄÄÄÄÄÄÄÄÄÄÄÄÄÄÄÄÄÄÙ[30;47mÛ [40m
[47m   ßßßßßßßßßßßßßßßßßßßßßßßßßßßßßßßßßßßßßßßßßßßßßßßßßßßßßßßßßßßßßßßßßßßßßßßßßß [40m[47m[0m[255D
